
> her-app@0.1.0 dev /Users/sunmuchao/Downloads/Her/frontend/her-app
> next dev --hostname 127.0.0.1 --port 3000

▲ Next.js 16.2.6 (Turbopack)
- Local:         http://127.0.0.1:3000
- Network:       http://127.0.0.1:3000
- Environments: .env.local
✓ Ready in 674ms
⚠ turbopack.root should be absolute, using: /Users/sunmuchao/Downloads/Her/frontend/her-app

 GET /discover 200 in 1080ms (next.js: 722ms, application-code: 359ms)
 GET /api/gateway/v1/auth/me 200 in 812ms (next.js: 759ms, application-code: 53ms)
 GET /api/gateway/v1/discovery/sessions/discovery-session-8114b9965e7b 200 in 812ms (next.js: 755ms, application-code: 57ms)
 GET /api/gateway/v1/persona/collected?profile_id=7682 200 in 830ms (next.js: 754ms, application-code: 77ms)
 GET /api/gateway/v1/recommendation/cards?profile_id=7682&unread_only=true 200 in 767ms (next.js: 681ms, application-code: 86ms)
 GET /api/gateway/v1/proxy-intro/cases/mine 200 in 762ms (next.js: 670ms, application-code: 92ms)
 GET /api/gateway/v1/proxy-intro/cases/mine 200 in 765ms (next.js: 669ms, application-code: 96ms)
 GET /api/gateway/v1/auth/me 200 in 42ms (next.js: 5ms, application-code: 37ms)
 GET /api/gateway/v1/auth/me 200 in 14ms (next.js: 3ms, application-code: 11ms)
 GET /api/gateway/v1/recommendation/cards?profile_id=7682&unread_only=true 200 in 43ms (next.js: 13ms, application-code: 30ms)
 GET /api/gateway/v1/proxy-intro/cases/mine 200 in 47ms (next.js: 23ms, application-code: 25ms)
 GET /api/gateway/v1/proxy-intro/cases/mine 200 in 37ms (next.js: 9ms, application-code: 28ms)
 GET /discover 200 in 72ms (next.js: 7ms, application-code: 65ms)
 GET /api/gateway/v1/auth/me 200 in 63ms (next.js: 11ms, application-code: 52ms)
 GET /api/gateway/v1/discovery/sessions/discovery-session-8114b9965e7b 200 in 67ms (next.js: 16ms, application-code: 51ms)
 GET /api/gateway/v1/persona/collected?profile_id=7682 200 in 94ms (next.js: 21ms, application-code: 74ms)
 GET /api/gateway/v1/recommendation/cards?profile_id=7682&unread_only=true 200 in 89ms (next.js: 12ms, application-code: 78ms)
 GET /api/gateway/v1/proxy-intro/cases/mine 200 in 94ms (next.js: 10ms, application-code: 84ms)
 GET /api/gateway/v1/proxy-intro/cases/mine 200 in 104ms (next.js: 18ms, application-code: 86ms)
 GET /api/gateway/v1/auth/me 200 in 92ms (next.js: 7ms, application-code: 85ms)
 GET /api/gateway/v1/auth/me 200 in 64ms (next.js: 3ms, application-code: 61ms)
 GET /relationships 200 in 38ms (next.js: 8ms, application-code: 30ms)
 GET /api/gateway/v1/proxy-intro/cases/mine 200 in 53ms (next.js: 10ms, application-code: 43ms)
 GET /api/gateway/v1/user-center/trust-hub?user_id=usr-virt-00007682&profile_id=7682 200 in 90ms (next.js: 17ms, application-code: 74ms)
 GET /api/gateway/v1/proxy-intro/cases/mine 200 in 97ms (next.js: 21ms, application-code: 76ms)
 GET /api/gateway/v1/recommendation/cards?profile_id=7682&unread_only=true 200 in 105ms (next.js: 25ms, application-code: 80ms)
 GET /api/gateway/v1/proxy-intro/cases/mine 200 in 115ms (next.js: 31ms, application-code: 84ms)
 GET /api/gateway/v1/proxy-intro/cases/mine 200 in 124ms (next.js: 36ms, application-code: 88ms)
 GET /api/gateway/v1/auth/me 200 in 77ms (next.js: 4ms, application-code: 74ms)
 GET /api/gateway/v1/recommendation/cards?profile_id=7682&unread_only=true 200 in 37ms (next.js: 3ms, application-code: 35ms)
 GET /api/gateway/v1/proxy-intro/cases/mine 200 in 34ms (next.js: 4ms, application-code: 30ms)
 GET /api/gateway/v1/proxy-intro/cases/mine 200 in 32ms (next.js: 5ms, application-code: 27ms)
 GET /api/gateway/v1/auth/me 200 in 34ms (next.js: 1991µs, application-code: 32ms)
 GET /discover 200 in 32ms (next.js: 6ms, application-code: 26ms)
 GET /api/gateway/v1/auth/me 200 in 52ms (next.js: 12ms, application-code: 40ms)
 GET /api/gateway/v1/discovery/sessions/discovery-session-8114b9965e7b 200 in 54ms (next.js: 7ms, application-code: 47ms)
 GET /api/gateway/v1/persona/collected?profile_id=7682 200 in 69ms (next.js: 12ms, application-code: 58ms)
 GET /api/gateway/v1/recommendation/cards?profile_id=7682&unread_only=true 200 in 82ms (next.js: 16ms, application-code: 66ms)
 GET /api/gateway/v1/proxy-intro/cases/mine 200 in 102ms (next.js: 19ms, application-code: 83ms)
 GET /api/gateway/v1/proxy-intro/cases/mine 200 in 97ms (next.js: 19ms, application-code: 78ms)
 GET /api/gateway/v1/auth/me 200 in 89ms (next.js: 2ms, application-code: 86ms)
 GET /api/gateway/v1/auth/me 200 in 89ms (next.js: 3ms, application-code: 86ms)
 GET /api/gateway/v1/discovery/sessions/discovery-session-8114b9965e7b 200 in 86ms (next.js: 6ms, application-code: 80ms)
 GET /api/gateway/v1/persona/collected?profile_id=7682 200 in 76ms (next.js: 12ms, application-code: 64ms)
 GET /api/gateway/v1/recommendation/cards?profile_id=7682&unread_only=true 200 in 68ms (next.js: 11ms, application-code: 57ms)
 GET /api/gateway/v1/proxy-intro/cases/mine 200 in 69ms (next.js: 16ms, application-code: 53ms)
 GET /api/gateway/v1/proxy-intro/cases/mine 200 in 53ms (next.js: 3ms, application-code: 50ms)
 GET /api/gateway/v1/auth/me 200 in 73ms (next.js: 7ms, application-code: 66ms)
 GET /api/gateway/v1/auth/me 200 in 44ms (next.js: 6ms, application-code: 39ms)
 GET /candidates/1853?session=discovery-session-8114b9965e7b 200 in 34ms (next.js: 12ms, application-code: 22ms)
 GET /api/gateway/v1/auth/me 200 in 47ms (next.js: 7ms, application-code: 40ms)
 GET /api/gateway/v1/candidates/1853 200 in 57ms (next.js: 6ms, application-code: 52ms)
 GET /api/gateway/v1/proxy-intro/cases/mine 200 in 64ms (next.js: 9ms, application-code: 55ms)
 GET /api/gateway/v1/recommendation/cards?profile_id=7682&unread_only=true 200 in 91ms (next.js: 14ms, application-code: 78ms)
 GET /api/gateway/v1/proxy-intro/cases/mine 200 in 94ms (next.js: 20ms, application-code: 74ms)
 GET /api/gateway/v1/proxy-intro/cases/mine 200 in 98ms (next.js: 23ms, application-code: 75ms)
 GET /api/gateway/v1/auth/me 200 in 109ms (next.js: 27ms, application-code: 82ms)
 GET /api/gateway/v1/candidates/1853 200 in 44ms (next.js: 17ms, application-code: 28ms)
 GET /api/gateway/v1/proxy-intro/cases/mine 200 in 47ms (next.js: 9ms, application-code: 38ms)
 GET /api/gateway/v1/recommendation/cards?profile_id=7682&unread_only=true 200 in 46ms (next.js: 10ms, application-code: 36ms)
 GET /api/gateway/v1/proxy-intro/cases/mine 200 in 52ms (next.js: 13ms, application-code: 39ms)
 GET /api/gateway/v1/proxy-intro/cases/mine 200 in 56ms (next.js: 16ms, application-code: 41ms)
 GET /api/gateway/v1/auth/me 200 in 75ms (next.js: 20ms, application-code: 55ms)
 GET /api/gateway/v1/candidates/1853?session_id=discovery-session-8114b9965e7b 200 in 113ms (next.js: 14ms, application-code: 99ms)
 GET /api/gateway/v1/auth/me 200 in 95ms (next.js: 3ms, application-code: 92ms)
 POST /api/gateway/v1/discovery/sessions/discovery-session-8114b9965e7b/candidates/1853/express-interest 200 in 287ms (next.js: 6ms, application-code: 281ms)
 GET /relationships 200 in 30ms (next.js: 5ms, application-code: 25ms)
 GET /api/gateway/v1/recommendation/cards?profile_id=7682&unread_only=true 200 in 39ms (next.js: 6ms, application-code: 32ms)
 GET /api/gateway/v1/proxy-intro/cases/mine 200 in 53ms (next.js: 10ms, application-code: 43ms)
 GET /api/gateway/v1/proxy-intro/cases/mine 200 in 66ms (next.js: 14ms, application-code: 52ms)
 GET /api/gateway/v1/auth/me 200 in 74ms (next.js: 18ms, application-code: 56ms)
 GET /api/gateway/v1/recommendation/cards?profile_id=7682&unread_only=true 200 in 60ms (next.js: 3ms, application-code: 57ms)
 GET /api/gateway/v1/proxy-intro/cases/mine 200 in 77ms (next.js: 7ms, application-code: 70ms)
 GET /api/gateway/v1/proxy-intro/cases/mine 200 in 69ms (next.js: 1955µs, application-code: 67ms)
 GET /api/gateway/v1/auth/me 200 in 63ms (next.js: 2ms, application-code: 61ms)
 GET /relationships 200 in 97ms (next.js: 6ms, application-code: 91ms)
 GET /api/gateway/v1/proxy-intro/cases/mine 200 in 47ms (next.js: 9ms, application-code: 38ms)
 GET /api/gateway/v1/user-center/trust-hub?user_id=usr-virt-00007682&profile_id=7682 200 in 44ms (next.js: 5ms, application-code: 39ms)
 GET /api/gateway/v1/proxy-intro/cases/mine 200 in 76ms (next.js: 8ms, application-code: 68ms)
 GET /api/gateway/v1/recommendation/cards?profile_id=7682&unread_only=true 200 in 86ms (next.js: 11ms, application-code: 75ms)
 GET /api/gateway/v1/proxy-intro/cases/mine 200 in 93ms (next.js: 14ms, application-code: 79ms)
 GET /api/gateway/v1/proxy-intro/cases/mine 200 in 113ms (next.js: 16ms, application-code: 96ms)
 GET /api/gateway/v1/auth/me 200 in 106ms (next.js: 2ms, application-code: 104ms)
[browser] Uncaught Error: Hydration failed because the server rendered HTML didn't match the client. As a result this tree will be regenerated on the client. This can happen if a SSR-ed Client Component used:

- A server/client branch `if (typeof window !== 'undefined')`.
- Variable input such as `Date.now()` or `Math.random()` which changes each time it's called.
- Date formatting in a user's locale which doesn't match the server.
- External changing data without sending a snapshot of it along with the HTML.
- Invalid HTML tag nesting.

It can also happen if the client has a browser extension installed which messes with the HTML before React loaded.

https://react.dev/link/hydration-mismatch

  ...
    <SegmentViewNode type="page" pagePath="[...slug]/...">
      <SegmentTrieNode>
      <ClientPageRoot Component={function HerSlugPage} serverProvidedParams={{...}}>
        <HerSlugPage params={Promise} searchParams={Promise}>
          <Suspense fallback={null}>
            <HerApp>
              <div className="relative">
                <div className="h-dvh w-fu...">
                  <AppShell currentTab="relationships" subView="main" selectedCandidateId={null} selectedCandidate={null} ...>
                    <div className="flex h-dvh...">
                      <div>
                      <main className="relative z...">
                        <PageTransition>
                          <div className={"transiti..."}>
                            <RelationshipsPage onOpenChat={function useAppRouter.useCallback[handleOpenChat]} ...>
                              <RelationshipsPageSkeleton>
                                <div
+                                 className="flex flex-col h-full bg-background"
-                                 className="transition-all duration-300 opacity-0 translate-y-2 flex flex-col h-full ..."
                                >
+                                 <div className="sticky top-0 z-20 bg-background border-b border-border px-4 py-3">
-                                 <header
-                                   className="sticky top-0 z-20 bg-background border-b border-border safe-area-top"
-                                 >
                                  ...
                      ...
                ...

    at <unknown> (https://react.dev/link/hydration-mismatch)
    at div (<anonymous>)
    at RelationshipsPageSkeleton (components/her/ui/skeletons.tsx:87:7)
    at RelationshipsPage (components/her/relationships-page.tsx:292:12)
    at AppShell (components/app/app-shell.tsx:109:13)
    at renderPage (components/app/her-app.tsx:138:13)
    at HerApp (components/app/her-app.tsx:172:8)
    at HerSlugPage (app/[...slug]/page.tsx:9:7)
  85 |     <div className="flex flex-col h-full bg-background">
  86 |       {/* Header */}
> 87 |       <div className="sticky top-0 z-20 bg-background border-b border-border px-4 py-3">
     |       ^
  88 |         <div className="flex items-center justify-between">
  89 |           <div className="space-y-1">
  90 |             <Shimmer className="h-6 w-16" />
 GET /api/gateway/v1/recommendation/cards?profile_id=7682&unread_only=true 200 in 36ms (next.js: 10ms, application-code: 26ms)
 GET /api/gateway/v1/proxy-intro/cases/mine 200 in 47ms (next.js: 16ms, application-code: 31ms)
 GET /api/gateway/v1/proxy-intro/cases/mine 200 in 59ms (next.js: 23ms, application-code: 37ms)
 GET /.well-known/appspecific/com.chrome.devtools.json 200 in 108ms (next.js: 9ms, application-code: 99ms)
 GET /api/gateway/v1/proxy-intro/cases/mine 200 in 28ms (next.js: 8ms, application-code: 20ms)
 GET /api/gateway/v1/proxy-intro/cases/mine 200 in 34ms (next.js: 14ms, application-code: 20ms)
 GET /api/gateway/v1/recommendation/cards?profile_id=7682&unread_only=true 200 in 27ms (next.js: 5ms, application-code: 21ms)
 GET /api/gateway/v1/proxy-intro/cases/mine 200 in 65ms (next.js: 16ms, application-code: 48ms)
 GET /api/gateway/v1/proxy-intro/cases/mine 200 in 51ms (next.js: 8ms, application-code: 43ms)
 GET /api/gateway/v1/proxy-intro/cases/mine 200 in 67ms (next.js: 18ms, application-code: 50ms)
 GET /api/gateway/v1/recommendation/cards?profile_id=7682&unread_only=true 200 in 84ms (next.js: 26ms, application-code: 58ms)
 GET /api/gateway/v1/recommendation/cards?profile_id=7682&unread_only=true 200 in 27ms (next.js: 6ms, application-code: 20ms)
 GET /api/gateway/v1/proxy-intro/cases/mine 200 in 37ms (next.js: 11ms, application-code: 26ms)
 GET /api/gateway/v1/proxy-intro/cases/mine 200 in 49ms (next.js: 16ms, application-code: 33ms)
 GET /api/gateway/v1/proxy-intro/cases/mine 200 in 30ms (next.js: 6ms, application-code: 24ms)
 GET /api/gateway/v1/recommendation/cards?profile_id=7682&unread_only=true 200 in 57ms (next.js: 19ms, application-code: 38ms)
 GET /api/gateway/v1/proxy-intro/cases/mine 200 in 37ms (next.js: 3ms, application-code: 34ms)
 GET /api/gateway/v1/proxy-intro/cases/mine 200 in 43ms (next.js: 8ms, application-code: 35ms)
 GET /api/gateway/v1/recommendation/cards?profile_id=7682&unread_only=true 200 in 24ms (next.js: 5ms, application-code: 18ms)
 GET /api/gateway/v1/proxy-intro/cases/mine 200 in 34ms (next.js: 10ms, application-code: 24ms)
 GET /api/gateway/v1/proxy-intro/cases/mine 200 in 46ms (next.js: 14ms, application-code: 32ms)
✓ Compiled in 754ms
 GET /api/gateway/v1/proxy-intro/cases/mine 200 in 29ms (next.js: 6ms, application-code: 23ms)
 GET /api/gateway/v1/user-center/trust-hub?user_id=usr-virt-00007682&profile_id=7682 200 in 33ms (next.js: 11ms, application-code: 22ms)
 GET /api/gateway/v1/proxy-intro/cases/mine 200 in 40ms (next.js: 14ms, application-code: 26ms)
 GET /api/gateway/v1/recommendation/cards?profile_id=7682&unread_only=true 200 in 37ms (next.js: 10ms, application-code: 27ms)
 GET /api/gateway/v1/proxy-intro/cases/mine 200 in 29ms (next.js: 3ms, application-code: 27ms)
 GET /api/gateway/v1/proxy-intro/cases/mine 200 in 38ms (next.js: 6ms, application-code: 32ms)
 GET /api/gateway/v1/recommendation/cards?profile_id=7682&unread_only=true 200 in 26ms (next.js: 7ms, application-code: 19ms)
 GET /api/gateway/v1/proxy-intro/cases/mine 200 in 35ms (next.js: 11ms, application-code: 24ms)
 GET /api/gateway/v1/proxy-intro/cases/mine 200 in 44ms (next.js: 15ms, application-code: 29ms)
 GET /api/gateway/v1/proxy-intro/cases/mine 200 in 33ms (next.js: 6ms, application-code: 27ms)
