Traceback (most recent call last):
  File "/Users/sunmuchao/Downloads/Her/.venv/bin/gunicorn", line 6, in <module>
    sys.exit(run())
             ^^^^^
  File "/Users/sunmuchao/Downloads/Her/.venv/lib/python3.12/site-packages/gunicorn/app/wsgiapp.py", line 66, in run
    WSGIApplication("%(prog)s [OPTIONS] [APP_MODULE]", prog=prog).run()
  File "/Users/sunmuchao/Downloads/Her/.venv/lib/python3.12/site-packages/gunicorn/app/base.py", line 235, in run
    super().run()
  File "/Users/sunmuchao/Downloads/Her/.venv/lib/python3.12/site-packages/gunicorn/app/base.py", line 71, in run
    Arbiter(self).run()
    ^^^^^^^^^^^^^
  File "/Users/sunmuchao/Downloads/Her/.venv/lib/python3.12/site-packages/gunicorn/arbiter.py", line 63, in __init__
    self.setup(app)
  File "/Users/sunmuchao/Downloads/Her/.venv/lib/python3.12/site-packages/gunicorn/arbiter.py", line 114, in setup
    self.log = self.cfg.logger_class(app.cfg)
               ^^^^^^^^^^^^^^^^^^^^^^^^^^^^^^
  File "/Users/sunmuchao/Downloads/Her/.venv/lib/python3.12/site-packages/gunicorn/glogging.py", line 193, in __init__
    self.setup(cfg)
  File "/Users/sunmuchao/Downloads/Her/.venv/lib/python3.12/site-packages/gunicorn/glogging.py", line 205, in setup
    self.logfile = open(cfg.errorlog, 'a+')
                   ^^^^^^^^^^^^^^^^^^^^^^^^
FileNotFoundError: [Errno 2] No such file or directory: '.run/logs/gunicorn_error.log'
